// Jest Snapshot v1, https://goo.gl/fbAQLP

exports[`create snapshot AnalysisDataTopLeftBtn 1`] = `
<Component
  style={
    Object {
      "alignItems": "center",
      "flex": 1,
      "justifyContent": "center",
    }
  }
>
  <Text
    accessible={true}
    allowFontScaling={true}
    ellipsizeMode="tail"
    style={
      Object {
        "color": "#ffffff",
        "fontFamily": "Roboto-Light",
        "fontSize": 11,
        "lineHeight": 13,
        "marginBottom": -5,
        "opacity": 0.5,
      }
    }
  >
    Котировка:
  </Text>
  <Component
    style={
      Object {
        "flexDirection": "row",
      }
    }
  >
    <Text
      accessible={true}
      allowFontScaling={true}
      ellipsizeMode="tail"
      style={
        Array [
          Object {
            "color": "#fff",
            "fontFamily": "Roboto-Light",
            "fontSize": 20,
          },
          Object {
            "paddingTop": 3,
          },
        ]
      }
    >
      0
      .
      9
      4
    </Text>
    <Text
      accessible={true}
      allowFontScaling={true}
      ellipsizeMode="tail"
      style={
        Array [
          Object {
            "color": "#fff",
            "fontFamily": "Roboto-Light",
            "fontSize": 20,
          },
          Object {
            "fontSize": 23,
          },
        ]
      }
    >
      5
      2
    </Text>
    <Text
      accessible={true}
      allowFontScaling={true}
      ellipsizeMode="tail"
      style={
        Array [
          Object {
            "color": "#fff",
            "fontFamily": "Roboto-Light",
            "fontSize": 20,
          },
          Object {
            "paddingTop": 3,
          },
        ]
      }
    >
      7
    </Text>
  </Component>
</Component>
`;
