// Jest Snapshot v1, https://goo.gl/fbAQLP

exports[`create snapshot AnalysisDataCenter 1`] = `
<Component
  style={
    Object {
      "alignItems": "center",
      "flex": 2,
      "flexDirection": "row",
      "justifyContent": "center",
      "minHeight": 25,
      "width": "100%",
    }
  }
>
  <Text
    accessible={true}
    allowFontScaling={true}
    ellipsizeMode="tail"
    style={
      Object {
        "color": "#FFFFFF",
        "fontFamily": "Roboto-Regular",
        "fontSize": 14,
        "lineHeight": 16,
        "marginRight": 8,
        "marginTop": 10,
      }
    }
  >
    Pivot Points:
  </Text>
  <Text
    accessible={true}
    allowFontScaling={true}
    ellipsizeMode="tail"
    style={
      Array [
        Object {
          "color": "#fff",
          "fontFamily": "Roboto-Light",
          "fontSize": 20,
        },
        Object {
          "paddingTop": 3,
        },
      ]
    }
  >
    0
    .
    9
    8
  </Text>
  <Text
    accessible={true}
    allowFontScaling={true}
    ellipsizeMode="tail"
    style={
      Array [
        Object {
          "color": "#fff",
          "fontFamily": "Roboto-Light",
          "fontSize": 20,
        },
        Object {
          "fontSize": 23,
        },
      ]
    }
  >
    1
    3
  </Text>
  <Text
    accessible={true}
    allowFontScaling={true}
    ellipsizeMode="tail"
    style={
      Array [
        Object {
          "color": "#fff",
          "fontFamily": "Roboto-Light",
          "fontSize": 20,
        },
        Object {
          "paddingTop": 3,
        },
      ]
    }
  >
    9
  </Text>
</Component>
`;
