// Jest Snapshot v1, https://goo.gl/fbAQLP

exports[`create snapshot ShowSpiner 1`] = `null`;
