// Jest Snapshot v1, https://goo.gl/fbAQLP

exports[`create snapshot ExitBtn  1`] = `<Component />`;
