// Jest Snapshot v1, https://goo.gl/fbAQLP

exports[`create snapshot RegistrationBtn 1`] = `
<TouchableWithoutFeedback
  accessibilityLabel="BtnRegistrationPopupID"
  testID="BtnRegistrationPopupID"
>
  <Component
    style={
      Object {
        "alignItems": "center",
        "backgroundColor": "#4BCEA9",
        "height": 56,
        "justifyContent": "center",
        "marginTop": 22,
        "width": 152,
      }
    }
  >
    <Text
      accessible={true}
      allowFontScaling={true}
      ellipsizeMode="tail"
      style={
        Object {
          "color": "#FFFFFF",
          "fontFamily": "Roboto-Regular",
          "fontSize": 16,
          "textAlign": "center",
        }
      }
    />
  </Component>
</TouchableWithoutFeedback>
`;
