// Jest Snapshot v1, https://goo.gl/fbAQLP

exports[`create snapshot WarningMessage 1`] = `<withOrientation />`;
