// Jest Snapshot v1, https://goo.gl/fbAQLP

exports[`create snapshot  PopUp 1`] = `
<Component
  style={
    Object {
      "alignItems": "center",
      "backgroundColor": "rgba(23, 37, 51, 0.8)",
      "elevation": 10,
      "height": "100%",
      "justifyContent": "center",
      "paddingLeft": 16,
      "paddingRight": 16,
      "position": "absolute",
      "width": "100%",
      "zIndex": 10,
    }
  }
>
  <TouchableWithoutFeedback
    accessibilityLabel="BublePopupID"
    accessible={false}
    onPress={[Function]}
    testID="BublePopupID"
  >
    <Component
      style={
        Object {
          "backgroundColor": "transparent",
          "height": "100%",
          "position": "absolute",
          "width": 750,
        }
      }
    />
  </TouchableWithoutFeedback>
  <Component
    style={
      Object {
        "alignItems": "center",
        "backgroundColor": "#1D2E3E",
        "justifyContent": "center",
        "width": "100%",
      }
    }
  >
    <Text
      accessible={true}
      allowFontScaling={true}
      ellipsizeMode="tail"
      style={
        Object {
          "color": "#FFFFFF",
          "fontFamily": "Roboto-Regular",
          "fontSize": 20,
          "lineHeight": 32,
          "marginTop": 24,
          "textAlign": "center",
        }
      }
    />
    <Text
      accessible={true}
      allowFontScaling={true}
      ellipsizeMode="tail"
      style={
        Object {
          "color": "#FFFFFF",
          "fontFamily": "Roboto-Light",
          "fontSize": 16,
          "lineHeight": 19,
          "marginTop": 5,
          "textAlign": "center",
          "width": 252,
        }
      }
    />
    <Component
      style={
        Object {
          "flexDirection": "row",
          "justifyContent": "space-between",
          "paddingBottom": 20,
          "paddingLeft": 24,
          "paddingRight": 24,
          "width": "100%",
        }
      }
    >
      <RegistrationBtn />
      <ExitBtn />
    </Component>
  </Component>
</Component>
`;
