// Jest Snapshot v1, https://goo.gl/fbAQLP

exports[`create snapshot ErrorValidation 1`] = `null`;
