// Jest Snapshot v1, https://goo.gl/fbAQLP

exports[`create snapshot ForgotPasswordScreen 1`] = `
<Component
  style={
    Object {
      "backgroundColor": "#172533",
      "height": "100%",
      "left": 0,
      "position": "absolute",
      "top": 0,
      "width": "100%",
    }
  }
>
  <withNavigation(Connect(ForgotPasswordPopUp)) />
  <ScrollView
    keyboardShouldPersistTaps="handled"
    style={
      Object {
        "height": "100%",
        "width": "100%",
      }
    }
  >
    <Component
      style={
        Object {
          "marginTop": "10%",
        }
      }
    >
      <Component
        style={
          Object {
            "alignItems": "center",
            "marginBottom": "10%",
          }
        }
      >
        <Text
          accessible={true}
          allowFontScaling={true}
          ellipsizeMode="tail"
          style={
            Object {
              "color": "#FFFFFF",
              "fontFamily": "Roboto-Regular",
              "fontSize": 20,
              "lineHeight": 23,
              "marginTop": 40,
            }
          }
        >
          Восстановление пароля
        </Text>
        <Text
          accessible={true}
          allowFontScaling={true}
          ellipsizeMode="tail"
          style={
            Object {
              "color": "rgba(255, 255, 255, 0.6)",
              "fontFamily": "Roboto-Regular",
              "fontSize": 16,
              "lineHeight": 19,
              "marginBottom": 25,
              "marginTop": 5,
              "textAlign": "center",
              "width": 288,
            }
          }
        >
          Пожалуйста, укажите e-mail, который Вы использовали при регистрации
        </Text>
        <Input
          accessibilityLabel="ForgotPasswordInputID"
          error={false}
          errorText="Ошибка ввода e-mail"
          filter={/\\^\\(\\(\\[\\^<>\\(\\)\\\\\\[\\\\\\]\\\\\\\\\\.,;:\\\\s@"\\]\\+\\(\\\\\\.\\[\\^<>\\(\\)\\\\\\[\\\\\\]\\\\\\\\\\.,;:\\\\s@"\\]\\+\\)\\*\\)\\|\\("\\.\\+"\\)\\)@\\(\\(\\\\\\[\\[0-9\\]\\{1,3\\}\\\\\\.\\[0-9\\]\\{1,3\\}\\\\\\.\\[0-9\\]\\{1,3\\}\\\\\\.\\[0-9\\]\\{1,3\\}\\\\\\]\\)\\|\\(\\(\\[a-zA-Z\\\\-0-9\\]\\+\\\\\\.\\)\\+\\[a-zA-Z\\]\\{2,\\}\\)\\)\\$/}
          placeholder="Email"
          testID="ForgotPasswordInputID"
        />
        <FormBtnSubmit
          accessibilityLabel="ForgotPasswordSubmitID"
          func={[Function]}
          testID="ForgotPasswordSubmitID"
          text="Отправить"
        />
      </Component>
    </Component>
  </ScrollView>
  <Connect(ErrorValidation)
    testIDBtn="ForgotPasswordBtnId"
    testIDText="ForgotPasswordTextId"
  />
</Component>
`;
