// Jest Snapshot v1, https://goo.gl/fbAQLP

exports[`create snapshot ForgotPasswordPopUp 1`] = `null`;
