// Jest Snapshot v1, https://goo.gl/fbAQLP

exports[`create snapshot ErrorValidation 1`] = `
<TouchableWithoutFeedback>
  <Component
    style={
      Array [
        Object {
          "alignItems": "center",
          "backgroundColor": "#1D2E3E",
          "borderWidth": 0.5,
          "height": 40,
          "justifyContent": "center",
          "marginHorizontal": 5,
          "width": 120,
        },
        Object {
          "borderColor": "#5A6772",
        },
      ]
    }
  >
    <Text
      accessible={true}
      allowFontScaling={true}
      ellipsizeMode="tail"
      style={
        Object {
          "color": "#5A6772",
          "fontFamily": "Roboto-Light",
          "fontSize": 16,
          "lineHeight": 19,
        }
      }
    >
      Details
    </Text>
  </Component>
</TouchableWithoutFeedback>
`;

exports[`create snapshot FooterBtnDetails 1`] = `
<TouchableWithoutFeedback>
  <Component
    style={
      Array [
        Object {
          "alignItems": "center",
          "backgroundColor": "#1D2E3E",
          "borderWidth": 0.5,
          "height": 40,
          "justifyContent": "center",
          "marginHorizontal": 5,
          "width": 120,
        },
        Object {
          "borderColor": "#5A6772",
        },
      ]
    }
  >
    <Text
      accessible={true}
      allowFontScaling={true}
      ellipsizeMode="tail"
      style={
        Object {
          "color": "#5A6772",
          "fontFamily": "Roboto-Light",
          "fontSize": 16,
          "lineHeight": 19,
        }
      }
    >
      Details
    </Text>
  </Component>
</TouchableWithoutFeedback>
`;
