// Jest Snapshot v1, https://goo.gl/fbAQLP

exports[`create snapshot FooterHomeCard 1`] = `
<Component
  style={
    Object {
      "alignItems": "center",
      "backgroundColor": "#1D2E3E",
      "flexDirection": "row",
      "height": 50,
      "justifyContent": "space-between",
      "paddingHorizontal": 10,
      "width": "100%",
    }
  }
>
  <ClockGreen />
  <Component
    style={
      Object {
        "flexDirection": "row",
      }
    }
  >
    <FooterBtnInfo
      isActive={true}
    />
    <FooterBtnGraph
      isActive={true}
    />
    <FooterBtnDetails
      btnDetailsText="Детализация"
    />
  </Component>
  <StarGreen />
</Component>
`;
