// Jest Snapshot v1, https://goo.gl/fbAQLP

exports[`create snapshot Main showMenu={true} 1`] = `
<TouchableWithoutFeedback
  accessibilityLabel="BtnRegistrationAuthorizationID"
  onPress={[Function]}
  testID="BtnRegistrationAuthorizationID"
>
  <Component>
    <Text
      accessible={true}
      allowFontScaling={true}
      ellipsizeMode="tail"
      style={
        Object {
          "color": "#4BCEA9",
          "fontFamily": "Roboto-Regular",
          "fontSize": 18,
        }
      }
    />
  </Component>
</TouchableWithoutFeedback>
`;
