// Jest Snapshot v1, https://goo.gl/fbAQLP

exports[`create snapshot ExitBtn 1`] = `
<TouchableWithoutFeedback
  accessibilityLabel="BtnExitPopupID"
  testID="BtnExitPopupID"
>
  <Component
    style={
      Object {
        "alignItems": "center",
        "backgroundColor": "transparent",
        "borderColor": "#FFFFFF",
        "borderWidth": 0.5,
        "height": 56,
        "justifyContent": "center",
        "marginTop": 22,
        "width": 124,
      }
    }
  >
    <Text
      accessible={true}
      allowFontScaling={true}
      ellipsizeMode="tail"
      style={
        Object {
          "color": "#FFFFFF",
          "fontFamily": "Roboto-Regular",
          "fontSize": 16,
          "textAlign": "center",
        }
      }
    />
  </Component>
</TouchableWithoutFeedback>
`;
